// Jest Snapshot v1, https://goo.gl/fbAQLP

exports[`describe table action dialog table action dialog snapshot 1`] = `null`;
