// Jest Snapshot v1, https://goo.gl/fbAQLP

exports[`describe history dialog history dialog snapshot 1`] = `null`;
