// Jest Snapshot v1, https://goo.gl/fbAQLP

exports[`describe snitch dialog snitch dialog snapshot 1`] = `null`;
