// Jest Snapshot v1, https://goo.gl/fbAQLP

exports[`describe header bar header bar snapshot 1`] = `
<div
  class="bp3-navbar header-bar"
>
  <div
    class="bp3-navbar-group bp3-align-left"
  >
    <a
      href="#"
    >
      <div
        class="logo"
      >
        <svg
          version="1.1"
          viewBox="0 0 288 134"
          xmlns="http://www.w3.org/2000/svg"
        >
          <path
            d="M136.7,67.5c0.5-6.1,5-10.4,10.6-10.4c3.9,0,6.5,2,7.4,4.3l1.1-12.4c0-0.1,0.3-0.2,0.7-0.2
                c0.7,0,1.3,0.4,1.2,2l-2.3,25.9c-0.1,0.7-0.5,1-1,1h-0.2c-0.6,0-0.9-0.3-0.8-1l0.3-3.2c-1.7,2.7-4.5,4.5-8.3,4.5
                C139.9,77.9,136.2,73.7,136.7,67.5z M154,68.9l0.4-4.7c-0.9-3.3-3.3-5.4-7.2-5.4c-4.5,0-8.1,3.6-8.5,8.6
                c-0.4,5.1,2.5,8.7,6.9,8.7C150,76.1,153.7,72.9,154,68.9z"
            fill="#FFFFFF"
          />
          <path
            d="M161.2,76.6l1.7-19.1c0,0,0.3-0.2,0.7-0.2c0.7,0,1.3,0.4,1.1,2l-0.2,2.5c1.1-3.3,3.3-4.8,6-4.8
                c1.6,0,2.7,0.7,2.6,1.7c-0.1,0.8-0.6,1.1-0.7,1.1c-0.5-0.5-1.3-0.8-2.3-0.8c-3.6,0-5.6,3.6-6.1,9l-0.8,8.7c-0.1,0.7-0.5,1-1,1
                h-0.2C161.5,77.6,161.2,77.4,161.2,76.6z"
            fill="#FFFFFF"
          />
          <path
            d="M175.6,69l0.9-10.7c0.1-0.8,0.5-1,1-1h0.3c0.5,0,0.9,0.2,0.8,1l-0.9,10.5c-0.4,4.4,1.5,7.2,5.5,7.2
                c3.3,0,6-1.9,7.5-4.7l1.1-13c0.1-0.8,0.5-1,1-1h0.3c0.5,0,0.9,0.2,0.8,1l-1.7,19.1c0,0-0.4,0.2-0.7,0.2c-0.7,0-1.2-0.4-1.1-2
                l0.2-1.8c-1.6,2.4-4.2,4.1-7.6,4.1C177.6,77.9,175.2,74.4,175.6,69z"
            fill="#FFFFFF"
          />
          <path
            d="M200.1,50.7c0.1-1,0.6-1.4,1.6-1.4c0.9,0,1.4,0.5,1.3,1.4c-0.1,0.9-0.6,1.4-1.6,1.4
                C200.5,52.1,200,51.6,200.1,50.7z M198.2,76.6l1.6-18.3c0.1-0.8,0.5-1,1-1h0.3c0.5,0,0.9,0.2,0.8,1l-1.6,18.3
                c-0.1,0.8-0.5,1-1,1H199C198.5,77.6,198.2,77.4,198.2,76.6z"
            fill="#FFFFFF"
          />
          <path
            d="M205.8,67.5c0.5-6.1,5-10.4,10.6-10.4c3.9,0,6.5,2,7.4,4.3l1.1-12.4c0-0.1,0.3-0.2,0.7-0.2
                c0.7,0,1.3,0.4,1.2,2l-2.3,25.9c-0.1,0.7-0.5,1-1,1h-0.2c-0.5,0-0.9-0.3-0.8-1l0.3-3.2c-1.7,2.7-4.5,4.5-8.3,4.5
                C209,77.9,205.2,73.7,205.8,67.5z M223.1,68.9l0.4-4.7c-0.9-3.3-3.3-5.4-7.2-5.4c-4.5,0-8.1,3.6-8.5,8.6
                c-0.4,5.1,2.5,8.7,6.9,8.7C219,76.1,222.7,72.9,223.1,68.9z"
            fill="#FFFFFF"
          />
          <path
            d="M96.2,89.8h-2.7c-0.7,0-1.3-0.6-1.3-1.3c0-0.7,0.6-1.3,1.3-1.3h2.7c11.5,0,23.8-7.4,23.8-23.7
                c0-9.1-6.9-15.8-16.4-15.8H80c-0.7,0-1.3-0.6-1.3-1.3c0-0.7,0.6-1.3,1.3-1.3h23.6c5.3,0,10.1,1.9,13.6,5.3
                c3.5,3.4,5.4,8,5.4,13.1c0,6.6-2.3,13-6.3,17.7C111.5,86.8,104.5,89.8,96.2,89.8z M87.1,89.8h-5.8c-0.7,0-1.3-0.6-1.3-1.3
                c0-0.7,0.6-1.3,1.3-1.3h5.8c0.7,0,1.3,0.6,1.3,1.3C88.4,89.2,87.8,89.8,87.1,89.8z M97.7,79.5h-26c-0.7,0-1.3-0.6-1.3-1.3
                c0-0.7,0.6-1.3,1.3-1.3h26c7.5,0,11.5-5.8,11.5-11.5c0-4.2-3.2-7.3-7.7-7.3h-26c-0.7,0-1.3-0.6-1.3-1.3c0-0.7,0.6-1.3,1.3-1.3
                h26c5.9,0,10.3,4.3,10.3,9.9c0,3.7-1.3,7.2-3.7,9.8C105.5,78,101.9,79.5,97.7,79.5z M69.2,58h-6.3c-0.7,0-1.3-0.6-1.3-1.3
                c0-0.7,0.6-1.3,1.3-1.3h6.3c0.7,0,1.3,0.6,1.3,1.3C70.5,57.4,69.9,58,69.2,58z"
            fill="#2CEEFB"
          />
        </svg>
      </div>
    </a>
    <div
      class="bp3-navbar-divider"
    />
    <a
      class="bp3-button bp3-active bp3-minimal"
      href="#load-data"
      role="button"
      tabindex="0"
    >
      <span
        class="bp3-icon bp3-icon-cloud-upload"
        icon="cloud-upload"
      >
        <svg
          data-icon="cloud-upload"
          height="16"
          viewBox="0 0 16 16"
          width="16"
        >
          <desc>
            cloud-upload
          </desc>
          <path
            d="M8.71 7.29C8.53 7.11 8.28 7 8 7s-.53.11-.71.29l-3 3a1.003 1.003 0 0 0 1.42 1.42L7 10.41V15c0 .55.45 1 1 1s1-.45 1-1v-4.59l1.29 1.29c.18.19.43.3.71.3a1.003 1.003 0 0 0 .71-1.71l-3-3zM12 4c-.03 0-.07 0-.1.01A5 5 0 0 0 2 5c0 .11.01.22.02.33a3.495 3.495 0 0 0 .07 6.37c-.05-.23-.09-.46-.09-.7 0-.83.34-1.58.88-2.12l3-3a2.993 2.993 0 0 1 4.24 0l3 3c.54.54.88 1.29.88 2.12 0 .16-.02.32-.05.47C15.17 10.78 16 9.5 16 8c0-2.21-1.79-4-4-4z"
            fill-rule="evenodd"
          />
        </svg>
      </span>
      <span
        class="bp3-button-text"
      >
        Load data
      </span>
    </a>
    <a
      class="bp3-button bp3-minimal"
      href="#query"
      role="button"
      tabindex="0"
    >
      <span
        class="bp3-icon bp3-icon-application"
        icon="application"
      >
        <svg
          data-icon="application"
          height="16"
          viewBox="0 0 16 16"
          width="16"
        >
          <desc>
            application
          </desc>
          <path
            d="M3.5 7h7c.28 0 .5-.22.5-.5s-.22-.5-.5-.5h-7c-.28 0-.5.22-.5.5s.22.5.5.5zM15 1H1c-.55 0-1 .45-1 1v12c0 .55.45 1 1 1h14c.55 0 1-.45 1-1V2c0-.55-.45-1-1-1zm-1 12H2V5h12v8zM3.5 9h4c.28 0 .5-.22.5-.5S7.78 8 7.5 8h-4c-.28 0-.5.22-.5.5s.22.5.5.5zm0 2h5c.28 0 .5-.22.5-.5s-.22-.5-.5-.5h-5c-.28 0-.5.22-.5.5s.22.5.5.5z"
            fill-rule="evenodd"
          />
        </svg>
      </span>
      <span
        class="bp3-button-text"
      >
        Query
      </span>
    </a>
    <div
      class="bp3-navbar-divider"
    />
    <a
      class="bp3-button bp3-minimal"
      href="#datasources"
      role="button"
      tabindex="0"
    >
      <span
        class="bp3-icon bp3-icon-multi-select"
        icon="multi-select"
      >
        <svg
          data-icon="multi-select"
          height="16"
          viewBox="0 0 16 16"
          width="16"
        >
          <desc>
            multi-select
          </desc>
          <path
            d="M12 3.98H4c-.55 0-1 .45-1 1v1h8v5h1c.55 0 1-.45 1-1v-5c0-.55-.45-1-1-1zm3-3H7c-.55 0-1 .45-1 1v1h8v5h1c.55 0 1-.45 1-1v-5c0-.55-.45-1-1-1zm-6 6H1c-.55 0-1 .45-1 1v5c0 .55.45 1 1 1h8c.55 0 1-.45 1-1v-5c0-.55-.45-1-1-1zm-1 5H2v-3h6v3z"
            fill-rule="evenodd"
          />
        </svg>
      </span>
      <span
        class="bp3-button-text"
      >
        Datasources
      </span>
    </a>
    <a
      class="bp3-button bp3-minimal"
      href="#segments"
      role="button"
      tabindex="0"
    >
      <span
        class="bp3-icon bp3-icon-stacked-chart"
        icon="stacked-chart"
      >
        <svg
          data-icon="stacked-chart"
          height="16"
          viewBox="0 0 16 16"
          width="16"
        >
          <desc>
            stacked-chart
          </desc>
          <path
            d="M10 2c0-.55-.45-1-1-1H8c-.55 0-1 .45-1 1v3h3V2zm3 10h1c.55 0 1-.45 1-1V8h-3v3c0 .55.45 1 1 1zm2-7c0-.55-.45-1-1-1h-1c-.55 0-1 .45-1 1v2h3V5zm-5 1H7v3h3V6zM5 7c0-.55-.45-1-1-1H3c-.55 0-1 .45-1 1v1h3V7zm3 5h1c.55 0 1-.45 1-1v-1H7v1c0 .55.45 1 1 1zm7 1H2c-.55 0-1 .45-1 1s.45 1 1 1h13c.55 0 1-.45 1-1s-.45-1-1-1zM3 12h1c.55 0 1-.45 1-1V9H2v2c0 .55.45 1 1 1z"
            fill-rule="evenodd"
          />
        </svg>
      </span>
      <span
        class="bp3-button-text"
      >
        Segments
      </span>
    </a>
    <a
      class="bp3-button bp3-minimal"
      href="#tasks"
      role="button"
      tabindex="0"
    >
      <span
        class="bp3-icon bp3-icon-gantt-chart"
        icon="gantt-chart"
      >
        <svg
          data-icon="gantt-chart"
          height="16"
          viewBox="0 0 16 16"
          width="16"
        >
          <desc>
            gantt-chart
          </desc>
          <path
            d="M10 10c0 .55.45 1 1 1h4c.55 0 1-.45 1-1s-.45-1-1-1h-4c-.55 0-1 .45-1 1zM6 7c0 .55.45 1 1 1h4c.55 0 1-.45 1-1s-.45-1-1-1H7c-.55 0-1 .45-1 1zm9 5H2V3c0-.55-.45-1-1-1s-1 .45-1 1v10c0 .55.45 1 1 1h14c.55 0 1-.45 1-1s-.45-1-1-1zM4 5h3c.55 0 1-.45 1-1s-.45-1-1-1H4c-.55 0-1 .45-1 1s.45 1 1 1z"
            fill-rule="evenodd"
          />
        </svg>
      </span>
      <span
        class="bp3-button-text"
      >
        Tasks
      </span>
    </a>
    <div
      class="bp3-navbar-divider"
    />
    <a
      class="bp3-button bp3-minimal"
      href="#servers"
      role="button"
      tabindex="0"
    >
      <span
        class="bp3-icon bp3-icon-database"
        icon="database"
      >
        <svg
          data-icon="database"
          height="16"
          viewBox="0 0 16 16"
          width="16"
        >
          <desc>
            database
          </desc>
          <path
            d="M8 4c3.31 0 6-.9 6-2s-2.69-2-6-2C4.68 0 2 .9 2 2s2.68 2 6 2zm-6-.48V8c0 1.1 2.69 2 6 2s6-.9 6-2V3.52C12.78 4.4 10.56 5 8 5s-4.78-.6-6-1.48zm0 6V14c0 1.1 2.69 2 6 2s6-.9 6-2V9.52C12.78 10.4 10.56 11 8 11s-4.78-.6-6-1.48z"
            fill-rule="evenodd"
          />
        </svg>
      </span>
      <span
        class="bp3-button-text"
      >
        Data servers
      </span>
    </a>
  </div>
  <div
    class="bp3-navbar-group bp3-align-right"
  >
    <span
      class="bp3-popover-wrapper"
    >
      <span
        class="bp3-popover-target"
      >
        <button
          class="bp3-button bp3-minimal"
          type="button"
        >
          <span
            class="bp3-icon bp3-icon-share"
            icon="share"
          >
            <svg
              data-icon="share"
              height="16"
              viewBox="0 0 16 16"
              width="16"
            >
              <desc>
                share
              </desc>
              <path
                d="M10.99 13.99h-9v-9h4.76l2-2H.99c-.55 0-1 .45-1 1v11c0 .55.45 1 1 1h11c.55 0 1-.45 1-1V7.24l-2 2v4.75zm4-14h-5c-.55 0-1 .45-1 1s.45 1 1 1h2.59L7.29 7.28a1 1 0 0 0-.3.71 1.003 1.003 0 0 0 1.71.71l5.29-5.29V6c0 .55.45 1 1 1s1-.45 1-1V1c0-.56-.45-1.01-1-1.01z"
                fill-rule="evenodd"
              />
            </svg>
          </span>
          <span
            class="bp3-button-text"
          >
            Legacy
          </span>
        </button>
      </span>
    </span>
    <span
      class="bp3-popover-wrapper"
    >
      <span
        class="bp3-popover-target"
      >
        <button
          class="bp3-button bp3-minimal"
          type="button"
        >
          <span
            class="bp3-icon bp3-icon-cog"
            icon="cog"
          >
            <svg
              data-icon="cog"
              height="16"
              viewBox="0 0 16 16"
              width="16"
            >
              <desc>
                cog
              </desc>
              <path
                d="M15.19 6.39h-1.85c-.11-.37-.27-.71-.45-1.04l1.36-1.36c.31-.31.31-.82 0-1.13l-1.13-1.13a.803.803 0 0 0-1.13 0l-1.36 1.36c-.33-.17-.67-.33-1.04-.44V.79c0-.44-.36-.8-.8-.8h-1.6c-.44 0-.8.36-.8.8v1.86c-.39.12-.75.28-1.1.47l-1.3-1.3c-.3-.3-.79-.3-1.09 0L1.82 2.91c-.3.3-.3.79 0 1.09l1.3 1.3c-.2.34-.36.7-.48 1.09H.79c-.44 0-.8.36-.8.8v1.6c0 .44.36.8.8.8h1.85c.11.37.27.71.45 1.04l-1.36 1.36c-.31.31-.31.82 0 1.13l1.13 1.13c.31.31.82.31 1.13 0l1.36-1.36c.33.18.67.33 1.04.44v1.86c0 .44.36.8.8.8h1.6c.44 0 .8-.36.8-.8v-1.86c.39-.12.75-.28 1.1-.47l1.3 1.3c.3.3.79.3 1.09 0l1.09-1.09c.3-.3.3-.79 0-1.09l-1.3-1.3c.19-.35.36-.71.48-1.1h1.85c.44 0 .8-.36.8-.8v-1.6a.816.816 0 0 0-.81-.79zm-7.2 4.6c-1.66 0-3-1.34-3-3s1.34-3 3-3 3 1.34 3 3-1.34 3-3 3z"
                fill-rule="evenodd"
              />
            </svg>
          </span>
        </button>
      </span>
    </span>
    <span
      class="bp3-popover-wrapper"
    >
      <span
        class="bp3-popover-target"
      >
        <button
          class="bp3-button bp3-minimal"
          type="button"
        >
          <span
            class="bp3-icon bp3-icon-help"
            icon="help"
          >
            <svg
              data-icon="help"
              height="16"
              viewBox="0 0 16 16"
              width="16"
            >
              <desc>
                help
              </desc>
              <path
                d="M8 0C3.58 0 0 3.58 0 8s3.58 8 8 8 8-3.58 8-8-3.58-8-8-8zm1 13H7v-2h2v2zm1.93-6.52c-.14.32-.35.64-.62.97L9.25 8.83c-.12.15-.24.29-.28.42-.04.13-.09.3-.09.52V10H7.12V8.88s.05-.51.21-.71L8.4 6.73c.22-.26.35-.49.44-.68.09-.19.12-.38.12-.58 0-.3-.1-.55-.28-.75-.18-.19-.44-.28-.76-.28-.33 0-.59.1-.78.29-.19.19-.33.46-.4.81-.03.11-.1.15-.2.14l-1.7-.25c-.12-.01-.16-.08-.14-.19.12-.82.46-1.47 1.03-1.94.57-.48 1.32-.72 2.25-.72.47 0 .9.07 1.29.22s.72.34 1 .59c.28.25.49.55.65.89.15.35.22.72.22 1.12s-.07.75-.21 1.08z"
                fill-rule="evenodd"
              />
            </svg>
          </span>
        </button>
      </span>
    </span>
  </div>
</div>
`;
