// Jest Snapshot v1, https://goo.gl/fbAQLP

exports[`describe home view home view snapshot 1`] = `
<div
  class="home-view app-view"
>
  <a
    href="/status"
    target="_blank"
  >
    <div
      class="bp3-card bp3-interactive bp3-elevation-0 status-card"
    >
      <h5
        class="bp3-heading"
      >
        <span
          class="bp3-icon bp3-icon-graph"
          icon="graph"
        >
          <svg
            data-icon="graph"
            fill="#bfccd5"
            height="16"
            viewBox="0 0 16 16"
            width="16"
          >
            <desc>
              graph
            </desc>
            <path
              d="M14 3c-1.06 0-1.92.83-1.99 1.88l-1.93.97A2.95 2.95 0 0 0 8 5c-.56 0-1.08.16-1.52.43L3.97 3.34C3.98 3.23 4 3.12 4 3c0-1.1-.9-2-2-2s-2 .9-2 2 .9 2 2 2c.24 0 .47-.05.68-.13l2.51 2.09C5.08 7.29 5 7.63 5 8c0 .96.46 1.81 1.16 2.35l-.56 1.69c-.91.19-1.6.99-1.6 1.96 0 1.1.9 2 2 2s2-.9 2-2c0-.51-.2-.97-.51-1.32l.56-1.69A2.99 2.99 0 0 0 11 8c0-.12-.02-.24-.04-.36l1.94-.97c.32.21.69.33 1.1.33 1.1 0 2-.9 2-2s-.9-2-2-2z"
              fill-rule="evenodd"
            />
          </svg>
        </span>
         
        Status
      </h5>
      <p>
        Loading...
      </p>
    </div>
  </a>
  <a
    href="#datasources"
  >
    <div
      class="bp3-card bp3-interactive bp3-elevation-0 status-card"
    >
      <h5
        class="bp3-heading"
      >
        <span
          class="bp3-icon bp3-icon-multi-select"
          icon="multi-select"
        >
          <svg
            data-icon="multi-select"
            fill="#bfccd5"
            height="16"
            viewBox="0 0 16 16"
            width="16"
          >
            <desc>
              multi-select
            </desc>
            <path
              d="M12 3.98H4c-.55 0-1 .45-1 1v1h8v5h1c.55 0 1-.45 1-1v-5c0-.55-.45-1-1-1zm3-3H7c-.55 0-1 .45-1 1v1h8v5h1c.55 0 1-.45 1-1v-5c0-.55-.45-1-1-1zm-6 6H1c-.55 0-1 .45-1 1v5c0 .55.45 1 1 1h8c.55 0 1-.45 1-1v-5c0-.55-.45-1-1-1zm-1 5H2v-3h6v3z"
              fill-rule="evenodd"
            />
          </svg>
        </span>
         
        Datasources
      </h5>
      <p>
        Loading...
      </p>
    </div>
  </a>
  <a
    href="#segments"
  >
    <div
      class="bp3-card bp3-interactive bp3-elevation-0 status-card"
    >
      <h5
        class="bp3-heading"
      >
        <span
          class="bp3-icon bp3-icon-stacked-chart"
          icon="stacked-chart"
        >
          <svg
            data-icon="stacked-chart"
            fill="#bfccd5"
            height="16"
            viewBox="0 0 16 16"
            width="16"
          >
            <desc>
              stacked-chart
            </desc>
            <path
              d="M10 2c0-.55-.45-1-1-1H8c-.55 0-1 .45-1 1v3h3V2zm3 10h1c.55 0 1-.45 1-1V8h-3v3c0 .55.45 1 1 1zm2-7c0-.55-.45-1-1-1h-1c-.55 0-1 .45-1 1v2h3V5zm-5 1H7v3h3V6zM5 7c0-.55-.45-1-1-1H3c-.55 0-1 .45-1 1v1h3V7zm3 5h1c.55 0 1-.45 1-1v-1H7v1c0 .55.45 1 1 1zm7 1H2c-.55 0-1 .45-1 1s.45 1 1 1h13c.55 0 1-.45 1-1s-.45-1-1-1zM3 12h1c.55 0 1-.45 1-1V9H2v2c0 .55.45 1 1 1z"
              fill-rule="evenodd"
            />
          </svg>
        </span>
         
        Segments
      </h5>
      <p>
        Loading...
      </p>
    </div>
  </a>
  <a
    href="#tasks"
  >
    <div
      class="bp3-card bp3-interactive bp3-elevation-0 status-card"
    >
      <h5
        class="bp3-heading"
      >
        <span
          class="bp3-icon bp3-icon-list-columns"
          icon="list-columns"
        >
          <svg
            data-icon="list-columns"
            fill="#bfccd5"
            height="16"
            viewBox="0 0 16 16"
            width="16"
          >
            <desc>
              list-columns
            </desc>
            <path
              d="M6 1c.55 0 1 .45 1 1s-.45 1-1 1H1c-.55 0-1-.45-1-1s.45-1 1-1h5zm0 4c.55 0 1 .45 1 1s-.45 1-1 1H1c-.55 0-1-.45-1-1s.45-1 1-1h5zm0 4c.55 0 1 .45 1 1s-.45 1-1 1H1c-.55 0-1-.45-1-1s.45-1 1-1h5zm0 4c.55 0 1 .45 1 1s-.45 1-1 1H1c-.55 0-1-.45-1-1s.45-1 1-1h5zm9-12c.55 0 1 .45 1 1s-.45 1-1 1h-5c-.55 0-1-.45-1-1s.45-1 1-1h5zm0 4c.55 0 1 .45 1 1s-.45 1-1 1h-5c-.55 0-1-.45-1-1s.45-1 1-1h5zm0 4c.55 0 1 .45 1 1s-.45 1-1 1h-5c-.55 0-1-.45-1-1s.45-1 1-1h5zm0 4c.55 0 1 .45 1 1s-.45 1-1 1h-5c-.55 0-1-.45-1-1s.45-1 1-1h5z"
              fill-rule="evenodd"
            />
          </svg>
        </span>
         
        Supervisors
      </h5>
      <p>
        Loading...
      </p>
    </div>
  </a>
  <a
    href="#tasks"
  >
    <div
      class="bp3-card bp3-interactive bp3-elevation-0 status-card"
    >
      <h5
        class="bp3-heading"
      >
        <span
          class="bp3-icon bp3-icon-gantt-chart"
          icon="gantt-chart"
        >
          <svg
            data-icon="gantt-chart"
            fill="#bfccd5"
            height="16"
            viewBox="0 0 16 16"
            width="16"
          >
            <desc>
              gantt-chart
            </desc>
            <path
              d="M10 10c0 .55.45 1 1 1h4c.55 0 1-.45 1-1s-.45-1-1-1h-4c-.55 0-1 .45-1 1zM6 7c0 .55.45 1 1 1h4c.55 0 1-.45 1-1s-.45-1-1-1H7c-.55 0-1 .45-1 1zm9 5H2V3c0-.55-.45-1-1-1s-1 .45-1 1v10c0 .55.45 1 1 1h14c.55 0 1-.45 1-1s-.45-1-1-1zM4 5h3c.55 0 1-.45 1-1s-.45-1-1-1H4c-.55 0-1 .45-1 1s.45 1 1 1z"
              fill-rule="evenodd"
            />
          </svg>
        </span>
         
        Tasks
      </h5>
      <p>
        Loading...
      </p>
    </div>
  </a>
  <a
    href="#servers"
  >
    <div
      class="bp3-card bp3-interactive bp3-elevation-0 status-card"
    >
      <h5
        class="bp3-heading"
      >
        <span
          class="bp3-icon bp3-icon-database"
          icon="database"
        >
          <svg
            data-icon="database"
            fill="#bfccd5"
            height="16"
            viewBox="0 0 16 16"
            width="16"
          >
            <desc>
              database
            </desc>
            <path
              d="M8 4c3.31 0 6-.9 6-2s-2.69-2-6-2C4.68 0 2 .9 2 2s2.68 2 6 2zm-6-.48V8c0 1.1 2.69 2 6 2s6-.9 6-2V3.52C12.78 4.4 10.56 5 8 5s-4.78-.6-6-1.48zm0 6V14c0 1.1 2.69 2 6 2s6-.9 6-2V9.52C12.78 10.4 10.56 11 8 11s-4.78-.6-6-1.48z"
              fill-rule="evenodd"
            />
          </svg>
        </span>
         
        Data servers
      </h5>
      <p>
        Loading...
      </p>
    </div>
  </a>
</div>
`;
