// Jest Snapshot v1, https://goo.gl/fbAQLP

exports[`describe loader loader snapshot 1`] = `null`;
