// Jest Snapshot v1, https://goo.gl/fbAQLP

exports[`describe auto-form snapshot auto-form snapshot 1`] = `
<div
  class="auto-form"
/>
`;
