// Jest Snapshot v1, https://goo.gl/fbAQLP

exports[`describe async action dialog async action dialog snapshot 1`] = `null`;
