// Jest Snapshot v1, https://goo.gl/fbAQLP

exports[`describe overload dynamic config overload dynamic config snapshot 1`] = `null`;
