// Jest Snapshot v1, https://goo.gl/fbAQLP

exports[`describe lookup edit dialog lookup edit dialog snapshot 1`] = `null`;
